// Jest Snapshot v1, https://goo.gl/fbAQLP

exports[`Calculator component renders correctly 1`] = `
<div
  className="conatainer-fluid"
>
  <div>
    <h2>
      Let's do some Calculations!
    </h2>
  </div>
  <div
    className="container"
  >
    <div
      className="result"
    >
      0
    </div>
    <div
      className="numPad"
    >
      <div
        className="row"
      >
        <button
          className="btn"
          onClick={[Function]}
          type="button"
        >
          AC
        </button>
        <button
          className="btn"
          onClick={[Function]}
          type="button"
        >
          +/-
        </button>
        <button
          className="btn"
          onClick={[Function]}
          type="button"
        >
          %
        </button>
        <button
          className="btn btn-orange"
          onClick={[Function]}
          type="button"
        >
          รท
        </button>
      </div>
      <div
        className="row"
      >
        <button
          className="btn"
          onClick={[Function]}
          type="button"
        >
          7
        </button>
        <button
          className="btn"
          onClick={[Function]}
          type="button"
        >
          8
        </button>
        <button
          className="btn"
          onClick={[Function]}
          type="button"
        >
          9
        </button>
        <button
          className="btn btn-orange"
          onClick={[Function]}
          type="button"
        >
          x
        </button>
      </div>
      <div
        className="row"
      >
        <button
          className="btn"
          onClick={[Function]}
          type="button"
        >
          4
        </button>
        <button
          className="btn"
          onClick={[Function]}
          type="button"
        >
          5
        </button>
        <button
          className="btn"
          onClick={[Function]}
          type="button"
        >
          6
        </button>
        <button
          className="btn btn-orange"
          onClick={[Function]}
          type="button"
        >
          -
        </button>
      </div>
      <div
        className="row"
      >
        <button
          className="btn"
          onClick={[Function]}
          type="button"
        >
          1
        </button>
        <button
          className="btn"
          onClick={[Function]}
          type="button"
        >
          2
        </button>
        <button
          className="btn"
          onClick={[Function]}
          type="button"
        >
          3
        </button>
        <button
          className="btn btn-orange"
          onClick={[Function]}
          type="button"
        >
          +
        </button>
      </div>
      <div
        className="row"
      >
        <button
          className="btn btn-zero"
          onClick={[Function]}
          type="button"
        >
          0
        </button>
        <button
          className="btn"
          onClick={[Function]}
          type="button"
        >
          .
        </button>
        <button
          className="btn btn-orange"
          onClick={[Function]}
          type="button"
        >
          =
        </button>
      </div>
    </div>
  </div>
</div>
`;
