// Jest Snapshot v1, https://goo.gl/fbAQLP

exports[`Footer renders 1`] = `
<div
  className="navbar footer"
>
  <a
    className="nav-menu"
    to="/"
  >
     @copyright 2023
  </a>
</div>
`;
