// Jest Snapshot v1, https://goo.gl/fbAQLP

exports[`Operate component renders correctly 1`] = `<operate />`;
